// Jest Snapshot v1, https://goo.gl/fbAQLP

exports[`Pruebas en <GifItem /> Debe hacer match con el snapshot 1`] = `
<div>
  <div
    class="card"
  >
    <img
      alt="One Punch Man GIF"
      src="https://media2.giphy.com/media/VXJWhaO7afRe/giphy.gif?cid=35ddf05cuw50ny5k6ptqlxa7v60221zmuek58071unojpybk&ep=v1_gifs_search&rid=giphy.gif&ct=g"
    />
    <p>
      One Punch Man GIF
    </p>
  </div>
</div>
`;
